Renesas Optimizing Linker (W3.07.00 )             20-Mar-2026 12:04:38

*** Options ***

-subcommand=DefaultBuild\01_LED&Sensor.clnk
-library=DefaultBuild\01_LED&Sensor.lib
-input=DefaultBuild\dbsct.obj
-input=DefaultBuild\intprg.obj
-input=DefaultBuild\resetprg.obj
-input=DefaultBuild\sbrk.obj
-input=DefaultBuild\01_LED&Sensor.obj
-input=DefaultBuild\vecttbl.obj
-input=DefaultBuild\init.obj
-input=DefaultBuild\usb.obj
-input=DefaultBuild\usb_int.obj
-input=DefaultBuild\adjust.obj
-input=DefaultBuild\interrupt.obj
-noprelink
-output=DefaultBuild\01_LED&Sensor.abs
-list=DefaultBuild\01_LED&Sensor.map
-nooptimize
-start=B_1,R_1,B_2,R_2,B,R,SU,SI/04,PResetPRG/0FFF80000,C_1,C_2,C,C$DSEC,C$BSEC,C$INIT,C$VTBL,C$VECT,D_1,D_2,D,P,PIntPRG,W_1,W_2,W,L/0FFF80100,FIXEDVECT/0FFFFFFD0
-rom=D=R,D_1=R_1,D_2=R_2
-nologo
-end

*** Error information ***

*** Mapping List ***

SECTION                            START      END         SIZE   ALIGN
B_1
                                  00000004  000001cb       1c8   1
R_1
                                  000001cc  000002da       10f   1
B_2
                                  000002dc  00000613       338   2
R_2
                                  00000614  0000064d        3a   2
B
                                  00000650  00001913      12c4   4
R
                                  00001914  0000198b        78   4
SU
                                  0000198c  00001a8b       100   4
SI
                                  00001a8c  00001d8b       300   4
PResetPRG
                                  fff80000  fff80030        31   1
C_1
                                  fff80100  fff80100         0   1
C_2
                                  fff80100  fff80100         0   1
C
                                  fff80100  fff80353       254   4
C$DSEC
                                  fff80354  fff80377        24   4
C$BSEC
                                  fff80378  fff8038f        18   4
C$INIT
                                  fff80390  fff80390         0   1
C$VTBL
                                  fff80390  fff80390         0   1
C$VECT
                                  fff80390  fff8078f       400   4
D_1
                                  fff80790  fff8089e       10f   1
D_2
                                  fff808a0  fff808d9        3a   2
D
                                  fff808dc  fff80953        78   4
P
                                  fff80954  fff84d85      4432   1
PIntPRG
                                  fff84d86  fff84f53       1ce   1
W_1
                                  fff84f54  fff84f5b         8   1
W_2
                                  fff84f5c  fff84f9d        42   2
W
                                  fff84fa0  fff84fa0         0   4
L
                                  fff84fa0  fff84ffc        5d   4
$ADDR_C_FFFFFF80
                                  ffffff80  ffffff83         4   1
$ADDR_C_FFFFFFA0
                                  ffffffa0  ffffffaf        10   1
FIXEDVECT
                                  ffffffd0  ffffffff        30   4
